<?xml version="1.0" encoding="ISO-8859-1" ?>
<link_info>
   <banner>MSP430 Linker Unix v19.6.0.STS</banner>
   <copyright>Copyright (c) 2003-2018 Texas Instruments Incorporated</copyright>
   <link_time>0x5dd75c54</link_time>
   <link_errors>0x0</link_errors>
   <output_file>ECE298_Project.out</output_file>
   <entry_point>
      <name>_c_int00_noargs</name>
      <address>0xe0fc</address>
   </entry_point>
   <input_file_list>
      <input_file id="fl-2">
         <path>./</path>
         <kind>object</kind>
         <file>hal_LCD.obj</file>
         <name>hal_LCD.obj</name>
      </input_file>
      <input_file id="fl-3">
         <path>./</path>
         <kind>object</kind>
         <file>main.obj</file>
         <name>main.obj</name>
      </input_file>
      <input_file id="fl-4">
         <path>./api/</path>
         <kind>object</kind>
         <file>keypad.obj</file>
         <name>keypad.obj</name>
      </input_file>
      <input_file id="fl-5">
         <path>./api/</path>
         <kind>object</kind>
         <file>lcd.obj</file>
         <name>lcd.obj</name>
      </input_file>
      <input_file id="fl-6">
         <path>./api/</path>
         <kind>object</kind>
         <file>stepper.obj</file>
         <name>stepper.obj</name>
      </input_file>
      <input_file id="fl-7">
         <path>./driverlib/</path>
         <kind>object</kind>
         <file>adc.obj</file>
         <name>adc.obj</name>
      </input_file>
      <input_file id="fl-8">
         <path>./driverlib/</path>
         <kind>object</kind>
         <file>crc.obj</file>
         <name>crc.obj</name>
      </input_file>
      <input_file id="fl-9">
         <path>./driverlib/</path>
         <kind>object</kind>
         <file>cs.obj</file>
         <name>cs.obj</name>
      </input_file>
      <input_file id="fl-a">
         <path>./driverlib/</path>
         <kind>object</kind>
         <file>ecomp.obj</file>
         <name>ecomp.obj</name>
      </input_file>
      <input_file id="fl-b">
         <path>./driverlib/</path>
         <kind>object</kind>
         <file>eusci_a_spi.obj</file>
         <name>eusci_a_spi.obj</name>
      </input_file>
      <input_file id="fl-c">
         <path>./driverlib/</path>
         <kind>object</kind>
         <file>eusci_a_uart.obj</file>
         <name>eusci_a_uart.obj</name>
      </input_file>
      <input_file id="fl-d">
         <path>./driverlib/</path>
         <kind>object</kind>
         <file>eusci_b_i2c.obj</file>
         <name>eusci_b_i2c.obj</name>
      </input_file>
      <input_file id="fl-e">
         <path>./driverlib/</path>
         <kind>object</kind>
         <file>eusci_b_spi.obj</file>
         <name>eusci_b_spi.obj</name>
      </input_file>
      <input_file id="fl-f">
         <path>./driverlib/</path>
         <kind>object</kind>
         <file>framctl.obj</file>
         <name>framctl.obj</name>
      </input_file>
      <input_file id="fl-10">
         <path>./driverlib/</path>
         <kind>object</kind>
         <file>gpio.obj</file>
         <name>gpio.obj</name>
      </input_file>
      <input_file id="fl-11">
         <path>./driverlib/</path>
         <kind>object</kind>
         <file>icc.obj</file>
         <name>icc.obj</name>
      </input_file>
      <input_file id="fl-12">
         <path>./driverlib/</path>
         <kind>object</kind>
         <file>lcd_e.obj</file>
         <name>lcd_e.obj</name>
      </input_file>
      <input_file id="fl-13">
         <path>./driverlib/</path>
         <kind>object</kind>
         <file>mpy32.obj</file>
         <name>mpy32.obj</name>
      </input_file>
      <input_file id="fl-14">
         <path>./driverlib/</path>
         <kind>object</kind>
         <file>pmm.obj</file>
         <name>pmm.obj</name>
      </input_file>
      <input_file id="fl-15">
         <path>./driverlib/</path>
         <kind>object</kind>
         <file>rtc.obj</file>
         <name>rtc.obj</name>
      </input_file>
      <input_file id="fl-16">
         <path>./driverlib/</path>
         <kind>object</kind>
         <file>sac.obj</file>
         <name>sac.obj</name>
      </input_file>
      <input_file id="fl-17">
         <path>./driverlib/</path>
         <kind>object</kind>
         <file>sfr.obj</file>
         <name>sfr.obj</name>
      </input_file>
      <input_file id="fl-18">
         <path>./driverlib/</path>
         <kind>object</kind>
         <file>sysctl.obj</file>
         <name>sysctl.obj</name>
      </input_file>
      <input_file id="fl-19">
         <path>./driverlib/</path>
         <kind>object</kind>
         <file>tia.obj</file>
         <name>tia.obj</name>
      </input_file>
      <input_file id="fl-1a">
         <path>./driverlib/</path>
         <kind>object</kind>
         <file>timer_a.obj</file>
         <name>timer_a.obj</name>
      </input_file>
      <input_file id="fl-1b">
         <path>./driverlib/</path>
         <kind>object</kind>
         <file>timer_b.obj</file>
         <name>timer_b.obj</name>
      </input_file>
      <input_file id="fl-1c">
         <path>./driverlib/</path>
         <kind>object</kind>
         <file>tlv.obj</file>
         <name>tlv.obj</name>
      </input_file>
      <input_file id="fl-1d">
         <path>./driverlib/</path>
         <kind>object</kind>
         <file>wdt_a.obj</file>
         <name>wdt_a.obj</name>
      </input_file>
      <input_file id="fl-22">
         <kind>object</kind>
         <file>&lt;internal&gt;</file>
         <name>&lt;internal&gt;</name>
      </input_file>
      <input_file id="fl-38">
         <path>/Applications/ti/ccsv8/tools/compiler/ti-cgt-msp430_19.6.0.STS/lib/</path>
         <kind>archive</kind>
         <file>rts430x_lc_sd_eabi.lib</file>
         <name>sprintf.c.obj</name>
      </input_file>
      <input_file id="fl-39">
         <path>/Applications/ti/ccsv8/tools/compiler/ti-cgt-msp430_19.6.0.STS/lib/</path>
         <kind>archive</kind>
         <file>rts430x_lc_sd_eabi.lib</file>
         <name>div16s.asm.obj</name>
      </input_file>
      <input_file id="fl-3a">
         <path>/Applications/ti/ccsv8/tools/compiler/ti-cgt-msp430_19.6.0.STS/lib/</path>
         <kind>archive</kind>
         <file>rts430x_lc_sd_eabi.lib</file>
         <name>div16u.asm.obj</name>
      </input_file>
      <input_file id="fl-3b">
         <path>/Applications/ti/ccsv8/tools/compiler/ti-cgt-msp430_19.6.0.STS/lib/</path>
         <kind>archive</kind>
         <file>rts430x_lc_sd_eabi.lib</file>
         <name>div32s.asm.obj</name>
      </input_file>
      <input_file id="fl-3c">
         <path>/Applications/ti/ccsv8/tools/compiler/ti-cgt-msp430_19.6.0.STS/lib/</path>
         <kind>archive</kind>
         <file>rts430x_lc_sd_eabi.lib</file>
         <name>div32u.asm.obj</name>
      </input_file>
      <input_file id="fl-3d">
         <path>/Applications/ti/ccsv8/tools/compiler/ti-cgt-msp430_19.6.0.STS/lib/</path>
         <kind>archive</kind>
         <file>rts430x_lc_sd_eabi.lib</file>
         <name>fs_add.asm.obj</name>
      </input_file>
      <input_file id="fl-3e">
         <path>/Applications/ti/ccsv8/tools/compiler/ti-cgt-msp430_19.6.0.STS/lib/</path>
         <kind>archive</kind>
         <file>rts430x_lc_sd_eabi.lib</file>
         <name>fs_cmp.asm.obj</name>
      </input_file>
      <input_file id="fl-3f">
         <path>/Applications/ti/ccsv8/tools/compiler/ti-cgt-msp430_19.6.0.STS/lib/</path>
         <kind>archive</kind>
         <file>rts430x_lc_sd_eabi.lib</file>
         <name>fs_div.asm.obj</name>
      </input_file>
      <input_file id="fl-40">
         <path>/Applications/ti/ccsv8/tools/compiler/ti-cgt-msp430_19.6.0.STS/lib/</path>
         <kind>archive</kind>
         <file>rts430x_lc_sd_eabi.lib</file>
         <name>fs_itof.asm.obj</name>
      </input_file>
      <input_file id="fl-41">
         <path>/Applications/ti/ccsv8/tools/compiler/ti-cgt-msp430_19.6.0.STS/lib/</path>
         <kind>archive</kind>
         <file>rts430x_lc_sd_eabi.lib</file>
         <name>fs_mpy.asm.obj</name>
      </input_file>
      <input_file id="fl-42">
         <path>/Applications/ti/ccsv8/tools/compiler/ti-cgt-msp430_19.6.0.STS/lib/</path>
         <kind>archive</kind>
         <file>rts430x_lc_sd_eabi.lib</file>
         <name>fs_toi.asm.obj</name>
      </input_file>
      <input_file id="fl-43">
         <path>/Applications/ti/ccsv8/tools/compiler/ti-cgt-msp430_19.6.0.STS/lib/</path>
         <kind>archive</kind>
         <file>rts430x_lc_sd_eabi.lib</file>
         <name>int45.asm.obj</name>
      </input_file>
      <input_file id="fl-44">
         <path>/Applications/ti/ccsv8/tools/compiler/ti-cgt-msp430_19.6.0.STS/lib/</path>
         <kind>archive</kind>
         <file>rts430x_lc_sd_eabi.lib</file>
         <name>int46.asm.obj</name>
      </input_file>
      <input_file id="fl-45">
         <path>/Applications/ti/ccsv8/tools/compiler/ti-cgt-msp430_19.6.0.STS/lib/</path>
         <kind>archive</kind>
         <file>rts430x_lc_sd_eabi.lib</file>
         <name>int47.asm.obj</name>
      </input_file>
      <input_file id="fl-46">
         <path>/Applications/ti/ccsv8/tools/compiler/ti-cgt-msp430_19.6.0.STS/lib/</path>
         <kind>archive</kind>
         <file>rts430x_lc_sd_eabi.lib</file>
         <name>int48.asm.obj</name>
      </input_file>
      <input_file id="fl-47">
         <path>/Applications/ti/ccsv8/tools/compiler/ti-cgt-msp430_19.6.0.STS/lib/</path>
         <kind>archive</kind>
         <file>rts430x_lc_sd_eabi.lib</file>
         <name>int49.asm.obj</name>
      </input_file>
      <input_file id="fl-48">
         <path>/Applications/ti/ccsv8/tools/compiler/ti-cgt-msp430_19.6.0.STS/lib/</path>
         <kind>archive</kind>
         <file>rts430x_lc_sd_eabi.lib</file>
         <name>int50.asm.obj</name>
      </input_file>
      <input_file id="fl-49">
         <path>/Applications/ti/ccsv8/tools/compiler/ti-cgt-msp430_19.6.0.STS/lib/</path>
         <kind>archive</kind>
         <file>rts430x_lc_sd_eabi.lib</file>
         <name>int51.asm.obj</name>
      </input_file>
      <input_file id="fl-4a">
         <path>/Applications/ti/ccsv8/tools/compiler/ti-cgt-msp430_19.6.0.STS/lib/</path>
         <kind>archive</kind>
         <file>rts430x_lc_sd_eabi.lib</file>
         <name>int52.asm.obj</name>
      </input_file>
      <input_file id="fl-4b">
         <path>/Applications/ti/ccsv8/tools/compiler/ti-cgt-msp430_19.6.0.STS/lib/</path>
         <kind>archive</kind>
         <file>rts430x_lc_sd_eabi.lib</file>
         <name>int53.asm.obj</name>
      </input_file>
      <input_file id="fl-4c">
         <path>/Applications/ti/ccsv8/tools/compiler/ti-cgt-msp430_19.6.0.STS/lib/</path>
         <kind>archive</kind>
         <file>rts430x_lc_sd_eabi.lib</file>
         <name>int54.asm.obj</name>
      </input_file>
      <input_file id="fl-4d">
         <path>/Applications/ti/ccsv8/tools/compiler/ti-cgt-msp430_19.6.0.STS/lib/</path>
         <kind>archive</kind>
         <file>rts430x_lc_sd_eabi.lib</file>
         <name>int55.asm.obj</name>
      </input_file>
      <input_file id="fl-4e">
         <path>/Applications/ti/ccsv8/tools/compiler/ti-cgt-msp430_19.6.0.STS/lib/</path>
         <kind>archive</kind>
         <file>rts430x_lc_sd_eabi.lib</file>
         <name>int56.asm.obj</name>
      </input_file>
      <input_file id="fl-4f">
         <path>/Applications/ti/ccsv8/tools/compiler/ti-cgt-msp430_19.6.0.STS/lib/</path>
         <kind>archive</kind>
         <file>rts430x_lc_sd_eabi.lib</file>
         <name>int57.asm.obj</name>
      </input_file>
      <input_file id="fl-50">
         <path>/Applications/ti/ccsv8/tools/compiler/ti-cgt-msp430_19.6.0.STS/lib/</path>
         <kind>archive</kind>
         <file>rts430x_lc_sd_eabi.lib</file>
         <name>int58.asm.obj</name>
      </input_file>
      <input_file id="fl-51">
         <path>/Applications/ti/ccsv8/tools/compiler/ti-cgt-msp430_19.6.0.STS/lib/</path>
         <kind>archive</kind>
         <file>rts430x_lc_sd_eabi.lib</file>
         <name>isr_trap.asm.obj</name>
      </input_file>
      <input_file id="fl-52">
         <path>/Applications/ti/ccsv8/tools/compiler/ti-cgt-msp430_19.6.0.STS/lib/</path>
         <kind>archive</kind>
         <file>rts430x_lc_sd_eabi.lib</file>
         <name>lsl16.asm.obj</name>
      </input_file>
      <input_file id="fl-53">
         <path>/Applications/ti/ccsv8/tools/compiler/ti-cgt-msp430_19.6.0.STS/lib/</path>
         <kind>archive</kind>
         <file>rts430x_lc_sd_eabi.lib</file>
         <name>lsr16.asm.obj</name>
      </input_file>
      <input_file id="fl-54">
         <path>/Applications/ti/ccsv8/tools/compiler/ti-cgt-msp430_19.6.0.STS/lib/</path>
         <kind>archive</kind>
         <file>rts430x_lc_sd_eabi.lib</file>
         <name>mult16.asm.obj</name>
      </input_file>
      <input_file id="fl-55">
         <path>/Applications/ti/ccsv8/tools/compiler/ti-cgt-msp430_19.6.0.STS/lib/</path>
         <kind>archive</kind>
         <file>rts430x_lc_sd_eabi.lib</file>
         <name>mult32.asm.obj</name>
      </input_file>
      <input_file id="fl-56">
         <path>/Applications/ti/ccsv8/tools/compiler/ti-cgt-msp430_19.6.0.STS/lib/</path>
         <kind>archive</kind>
         <file>rts430x_lc_sd_eabi.lib</file>
         <name>boot.c.obj</name>
      </input_file>
      <input_file id="fl-57">
         <path>/Applications/ti/ccsv8/tools/compiler/ti-cgt-msp430_19.6.0.STS/lib/</path>
         <kind>archive</kind>
         <file>rts430x_lc_sd_eabi.lib</file>
         <name>autoinit.c.obj</name>
      </input_file>
      <input_file id="fl-58">
         <path>/Applications/ti/ccsv8/tools/compiler/ti-cgt-msp430_19.6.0.STS/lib/</path>
         <kind>archive</kind>
         <file>rts430x_lc_sd_eabi.lib</file>
         <name>copy_zero_init.c.obj</name>
      </input_file>
      <input_file id="fl-59">
         <path>/Applications/ti/ccsv8/tools/compiler/ti-cgt-msp430_19.6.0.STS/lib/</path>
         <kind>archive</kind>
         <file>rts430x_lc_sd_eabi.lib</file>
         <name>cpy_tbl.c.obj</name>
      </input_file>
      <input_file id="fl-5a">
         <path>/Applications/ti/ccsv8/tools/compiler/ti-cgt-msp430_19.6.0.STS/lib/</path>
         <kind>archive</kind>
         <file>rts430x_lc_sd_eabi.lib</file>
         <name>mpu_init.c.obj</name>
      </input_file>
      <input_file id="fl-5b">
         <path>/Applications/ti/ccsv8/tools/compiler/ti-cgt-msp430_19.6.0.STS/lib/</path>
         <kind>archive</kind>
         <file>rts430x_lc_sd_eabi.lib</file>
         <name>pre_init.c.obj</name>
      </input_file>
      <input_file id="fl-5c">
         <path>/Applications/ti/ccsv8/tools/compiler/ti-cgt-msp430_19.6.0.STS/lib/</path>
         <kind>archive</kind>
         <file>rts430x_lc_sd_eabi.lib</file>
         <name>startup.c.obj</name>
      </input_file>
      <input_file id="fl-5d">
         <path>/Applications/ti/ccsv8/tools/compiler/ti-cgt-msp430_19.6.0.STS/lib/</path>
         <kind>archive</kind>
         <file>rts430x_lc_sd_eabi.lib</file>
         <name>copy_decompress_none.c.obj</name>
      </input_file>
      <input_file id="fl-5e">
         <path>/Applications/ti/ccsv8/tools/compiler/ti-cgt-msp430_19.6.0.STS/lib/</path>
         <kind>archive</kind>
         <file>rts430x_lc_sd_eabi.lib</file>
         <name>copy_decompress_lzss.c.obj</name>
      </input_file>
      <input_file id="fl-5f">
         <path>/Applications/ti/ccsv8/tools/compiler/ti-cgt-msp430_19.6.0.STS/lib/</path>
         <kind>archive</kind>
         <file>rts430x_lc_sd_eabi.lib</file>
         <name>exit.c.obj</name>
      </input_file>
      <input_file id="fl-60">
         <path>/Applications/ti/ccsv8/tools/compiler/ti-cgt-msp430_19.6.0.STS/lib/</path>
         <kind>archive</kind>
         <file>rts430x_lc_sd_eabi.lib</file>
         <name>_lock.c.obj</name>
      </input_file>
      <input_file id="fl-61">
         <path>/Applications/ti/ccsv8/tools/compiler/ti-cgt-msp430_19.6.0.STS/lib/</path>
         <kind>archive</kind>
         <file>rts430x_lc_sd_eabi.lib</file>
         <name>args_main.c.obj</name>
      </input_file>
      <input_file id="fl-62">
         <path>/Applications/ti/ccsv8/tools/compiler/ti-cgt-msp430_19.6.0.STS/lib/</path>
         <kind>archive</kind>
         <file>rts430x_lc_sd_eabi.lib</file>
         <name>memcpy.c.obj</name>
      </input_file>
      <input_file id="fl-63">
         <path>/Applications/ti/ccsv8/tools/compiler/ti-cgt-msp430_19.6.0.STS/lib/</path>
         <kind>archive</kind>
         <file>rts430x_lc_sd_eabi.lib</file>
         <name>strlen.c.obj</name>
      </input_file>
      <input_file id="fl-64">
         <path>/Applications/ti/ccsv8/tools/compiler/ti-cgt-msp430_19.6.0.STS/lib/</path>
         <kind>archive</kind>
         <file>rts430x_lc_sd_eabi.lib</file>
         <name>_printfi_min.c.obj</name>
      </input_file>
      <input_file id="fl-65">
         <path>/Applications/ti/ccsv8/tools/compiler/ti-cgt-msp430_19.6.0.STS/lib/</path>
         <kind>archive</kind>
         <file>rts430x_lc_sd_eabi.lib</file>
         <name>cpy_util.asm.obj</name>
      </input_file>
      <input_file id="fl-66">
         <path>/Applications/ti/ccsv8/tools/compiler/ti-cgt-msp430_19.6.0.STS/lib/</path>
         <kind>archive</kind>
         <file>rts430x_lc_sd_eabi.lib</file>
         <name>exit_gvars.c.obj</name>
      </input_file>
      <input_file id="fl-67">
         <path>/Applications/ti/ccsv8/tools/compiler/ti-cgt-msp430_19.6.0.STS/lib/</path>
         <kind>archive</kind>
         <file>rts430x_lc_sd_eabi.lib</file>
         <name>lsr64.c.obj</name>
      </input_file>
      <input_file id="fl-68">
         <path>/Applications/ti/ccsv8/tools/compiler/ti-cgt-msp430_19.6.0.STS/lib/</path>
         <kind>archive</kind>
         <file>rts430x_lc_sd_eabi.lib</file>
         <name>memccpy.c.obj</name>
      </input_file>
      <input_file id="fl-69">
         <path>/Applications/ti/ccsv8/tools/compiler/ti-cgt-msp430_19.6.0.STS/lib/</path>
         <kind>archive</kind>
         <file>rts430x_lc_sd_eabi.lib</file>
         <name>memset.c.obj</name>
      </input_file>
   </input_file_list>
   <object_component_list>
      <object_component id="oc-6ae">
         <name>__TI_handler_table</name>
         <load_address>0xc400</load_address>
         <run_address>0xc400</run_address>
         <size>0x8</size>
      </object_component>
      <object_component id="oc-6b0">
         <name>.cinit..data.load</name>
         <load_address>0xc408</load_address>
         <run_address>0xc408</run_address>
         <size>0x7</size>
      </object_component>
      <object_component id="oc-6af">
         <name>__TI_cinit_table</name>
         <load_address>0xc410</load_address>
         <run_address>0xc410</run_address>
         <size>0x8</size>
      </object_component>
      <object_component id="oc-646">
         <name>.binit</name>
         <load_address>0xc418</load_address>
         <run_address>0xc418</run_address>
         <size>0x0</size>
      </object_component>
      <object_component id="oc-359">
         <name>.const:.string</name>
         <load_address>0xc418</load_address>
         <run_address>0xc418</run_address>
         <size>0xce</size>
         <input_file_ref idref="fl-3"/>
      </object_component>
      <object_component id="oc-585">
         <name>.const:alphabetBig</name>
         <load_address>0xc4e6</load_address>
         <run_address>0xc4e6</run_address>
         <size>0x34</size>
         <input_file_ref idref="fl-2"/>
      </object_component>
      <object_component id="oc-548">
         <name>.const:GPIO_PORT_TO_BASE</name>
         <load_address>0xc51a</load_address>
         <run_address>0xc51a</run_address>
         <size>0x1c</size>
         <input_file_ref idref="fl-10"/>
      </object_component>
      <object_component id="oc-588">
         <name>.const:digit</name>
         <load_address>0xc536</load_address>
         <run_address>0xc536</run_address>
         <size>0x1a</size>
         <input_file_ref idref="fl-2"/>
      </object_component>
      <object_component id="oc-4e7">
         <name>.const:$P$T0$1</name>
         <load_address>0xc550</load_address>
         <run_address>0xc550</run_address>
         <size>0x18</size>
         <input_file_ref idref="fl-4"/>
      </object_component>
      <object_component id="oc-4b4">
         <name>.const:$P$T1$2</name>
         <load_address>0xc568</load_address>
         <run_address>0xc568</run_address>
         <size>0x18</size>
         <input_file_ref idref="fl-4"/>
      </object_component>
      <object_component id="oc-614">
         <name>.const:.string</name>
         <load_address>0xc580</load_address>
         <run_address>0xc580</run_address>
         <size>0x14</size>
         <input_file_ref idref="fl-64"/>
      </object_component>
      <object_component id="oc-4ea">
         <name>.const:.string</name>
         <load_address>0xc594</load_address>
         <run_address>0xc594</run_address>
         <size>0xe</size>
         <input_file_ref idref="fl-4"/>
      </object_component>
      <object_component id="oc-4a3">
         <name>.const:$P$T0$1</name>
         <load_address>0xc5a2</load_address>
         <run_address>0xc5a2</run_address>
         <size>0xc</size>
         <input_file_ref idref="fl-5"/>
      </object_component>
      <object_component id="oc-43d">
         <name>.const:$P$T0$1</name>
         <load_address>0xc5ae</load_address>
         <run_address>0xc5ae</run_address>
         <size>0xa</size>
         <input_file_ref idref="fl-2"/>
      </object_component>
      <object_component id="oc-33b">
         <name>.const:$P$T2$3</name>
         <load_address>0xc5b8</load_address>
         <run_address>0xc5b8</run_address>
         <size>0x8</size>
         <input_file_ref idref="fl-3"/>
      </object_component>
      <object_component id="oc-347">
         <name>.const:$P$T6$7</name>
         <load_address>0xc5c0</load_address>
         <run_address>0xc5c0</run_address>
         <size>0x8</size>
         <input_file_ref idref="fl-3"/>
      </object_component>
      <object_component id="oc-58c">
         <name>.const:.string:$P$T1$2</name>
         <load_address>0xc5c8</load_address>
         <run_address>0xc5c8</run_address>
         <size>0x6</size>
         <input_file_ref idref="fl-2"/>
      </object_component>
      <object_component id="oc-582">
         <name>.const:specialChar</name>
         <load_address>0xc5ce</load_address>
         <run_address>0xc5ce</run_address>
         <size>0x6</size>
         <input_file_ref idref="fl-2"/>
      </object_component>
      <object_component id="oc-335">
         <name>.const:$P$T0$1</name>
         <load_address>0xc5d4</load_address>
         <run_address>0xc5d4</run_address>
         <size>0x4</size>
         <input_file_ref idref="fl-3"/>
      </object_component>
      <object_component id="oc-341">
         <name>.const:$P$T4$5</name>
         <load_address>0xc5d8</load_address>
         <run_address>0xc5d8</run_address>
         <size>0x4</size>
         <input_file_ref idref="fl-3"/>
      </object_component>
      <object_component id="oc-33e">
         <name>.const:.string:$P$T3$4</name>
         <load_address>0xc5dc</load_address>
         <run_address>0xc5dc</run_address>
         <size>0x4</size>
         <input_file_ref idref="fl-3"/>
      </object_component>
      <object_component id="oc-34a">
         <name>.const:.string:$P$T7$8</name>
         <load_address>0xc5e0</load_address>
         <run_address>0xc5e0</run_address>
         <size>0x4</size>
         <input_file_ref idref="fl-3"/>
      </object_component>
      <object_component id="oc-338">
         <name>.const:.string:$P$T1$2</name>
         <load_address>0xc5e4</load_address>
         <run_address>0xc5e4</run_address>
         <size>0x2</size>
         <input_file_ref idref="fl-3"/>
      </object_component>
      <object_component id="oc-344">
         <name>.const:.string:$P$T5$6</name>
         <load_address>0xc5e6</load_address>
         <run_address>0xc5e6</run_address>
         <size>0x2</size>
         <input_file_ref idref="fl-3"/>
      </object_component>
      <object_component id="oc-2ef">
         <name>.text:main</name>
         <load_address>0xc5e8</load_address>
         <run_address>0xc5e8</run_address>
         <size>0x592</size>
         <input_file_ref idref="fl-3"/>
      </object_component>
      <object_component id="oc-4c4">
         <name>.text:step</name>
         <load_address>0xcb7a</load_address>
         <run_address>0xcb7a</run_address>
         <size>0x1f6</size>
         <input_file_ref idref="fl-6"/>
      </object_component>
      <object_component id="oc-3a0">
         <name>.text</name>
         <load_address>0xcd70</load_address>
         <run_address>0xcd70</run_address>
         <size>0x132</size>
         <input_file_ref idref="fl-3d"/>
      </object_component>
      <object_component id="oc-389">
         <name>.text:nextKeypadValue</name>
         <load_address>0xcea2</load_address>
         <run_address>0xcea2</run_address>
         <size>0x120</size>
         <input_file_ref idref="fl-4"/>
      </object_component>
      <object_component id="oc-5ab">
         <name>.text:_setfield</name>
         <load_address>0xcfc2</load_address>
         <run_address>0xcfc2</run_address>
         <size>0x10e</size>
         <input_file_ref idref="fl-64"/>
      </object_component>
      <object_component id="oc-64">
         <name>.text:decompress:lzss:__TI_decompress_lzss</name>
         <load_address>0xd0d0</load_address>
         <run_address>0xd0d0</run_address>
         <size>0xee</size>
         <input_file_ref idref="fl-5e"/>
      </object_component>
      <object_component id="oc-4df">
         <name>.text:__TI_printfi_minimal</name>
         <load_address>0xd1be</load_address>
         <run_address>0xd1be</run_address>
         <size>0xe2</size>
         <input_file_ref idref="fl-64"/>
      </object_component>
      <object_component id="oc-4ac">
         <name>.text:displayScrollText</name>
         <load_address>0xd2a0</load_address>
         <run_address>0xd2a0</run_address>
         <size>0xd6</size>
         <input_file_ref idref="fl-2"/>
      </object_component>
      <object_component id="oc-323">
         <name>.text:Init_LCD</name>
         <load_address>0xd376</load_address>
         <run_address>0xd376</run_address>
         <size>0xd2</size>
         <input_file_ref idref="fl-2"/>
      </object_component>
      <object_component id="oc-317">
         <name>.text:Init_GPIO</name>
         <load_address>0xd448</load_address>
         <run_address>0xd448</run_address>
         <size>0xcc</size>
         <input_file_ref idref="fl-3"/>
      </object_component>
      <object_component id="oc-42a">
         <name>.text:CS_initClockSignal</name>
         <load_address>0xd514</load_address>
         <run_address>0xd514</run_address>
         <size>0xc8</size>
         <input_file_ref idref="fl-9"/>
      </object_component>
      <object_component id="oc-615">
         <name>.text:_pproc_diouxp</name>
         <load_address>0xd5dc</load_address>
         <run_address>0xd5dc</run_address>
         <size>0xc4</size>
         <input_file_ref idref="fl-64"/>
      </object_component>
      <object_component id="oc-3af">
         <name>.text</name>
         <load_address>0xd6a0</load_address>
         <run_address>0xd6a0</run_address>
         <size>0xb8</size>
         <input_file_ref idref="fl-41"/>
      </object_component>
      <object_component id="oc-4b7">
         <name>.text:getKeyDown</name>
         <load_address>0xd758</load_address>
         <run_address>0xd758</run_address>
         <size>0xb6</size>
         <input_file_ref idref="fl-4"/>
      </object_component>
      <object_component id="oc-594">
         <name>.text:scanRow</name>
         <load_address>0xd80e</load_address>
         <run_address>0xd80e</run_address>
         <size>0xae</size>
         <input_file_ref idref="fl-4"/>
      </object_component>
      <object_component id="oc-4a6">
         <name>.text:showChar</name>
         <load_address>0xd8bc</load_address>
         <run_address>0xd8bc</run_address>
         <size>0xa6</size>
         <input_file_ref idref="fl-2"/>
      </object_component>
      <object_component id="oc-46a">
         <name>.text:LCD_E_setPinAsCOM</name>
         <load_address>0xd962</load_address>
         <run_address>0xd962</run_address>
         <size>0x9e</size>
         <input_file_ref idref="fl-12"/>
      </object_component>
      <object_component id="oc-34d">
         <name>.text:initStepper</name>
         <load_address>0xda00</load_address>
         <run_address>0xda00</run_address>
         <size>0x90</size>
         <input_file_ref idref="fl-6"/>
      </object_component>
      <object_component id="oc-3aa">
         <name>.text</name>
         <load_address>0xda90</load_address>
         <run_address>0xda90</run_address>
         <size>0x90</size>
         <input_file_ref idref="fl-3f"/>
      </object_component>
      <object_component id="oc-437">
         <name>.text:LCD_E_setPinAsLCDFunctionEx</name>
         <load_address>0xdb20</load_address>
         <run_address>0xdb20</run_address>
         <size>0x80</size>
         <input_file_ref idref="fl-12"/>
      </object_component>
      <object_component id="oc-3ea">
         <name>.text:__TI_auto_init_nobinit_nopinit_hold_wdt:__TI_auto_init_nobinit_nopinit_hold_wdt</name>
         <load_address>0xdba0</load_address>
         <run_address>0xdba0</run_address>
         <size>0x6a</size>
         <input_file_ref idref="fl-57"/>
      </object_component>
      <object_component id="oc-3b4">
         <name>.text</name>
         <load_address>0xdc0a</load_address>
         <run_address>0xdc0a</run_address>
         <size>0x68</size>
         <input_file_ref idref="fl-42"/>
      </object_component>
      <object_component id="oc-35a">
         <name>.text:print</name>
         <load_address>0xdc72</load_address>
         <run_address>0xdc72</run_address>
         <size>0x5c</size>
         <input_file_ref idref="fl-5"/>
      </object_component>
      <object_component id="oc-5c1">
         <name>.text</name>
         <load_address>0xdcce</load_address>
         <run_address>0xdcce</run_address>
         <size>0x58</size>
         <input_file_ref idref="fl-3c"/>
      </object_component>
      <object_component id="oc-3a5">
         <name>.text</name>
         <load_address>0xdd26</load_address>
         <run_address>0xdd26</run_address>
         <size>0x4a</size>
         <input_file_ref idref="fl-3e"/>
      </object_component>
      <object_component id="oc-28a">
         <name>.text:__memcpy_far</name>
         <load_address>0xdd70</load_address>
         <run_address>0xdd70</run_address>
         <size>0x40</size>
         <input_file_ref idref="fl-65"/>
      </object_component>
      <object_component id="oc-4eb">
         <name>.text</name>
         <load_address>0xddb0</load_address>
         <run_address>0xddb0</run_address>
         <size>0x40</size>
         <input_file_ref idref="fl-3b"/>
      </object_component>
      <object_component id="oc-31d">
         <name>.text:Init_Clock</name>
         <load_address>0xddf0</load_address>
         <run_address>0xddf0</run_address>
         <size>0x3e</size>
         <input_file_ref idref="fl-3"/>
      </object_component>
      <object_component id="oc-360">
         <name>.text:anyKeyDown</name>
         <load_address>0xde2e</load_address>
         <run_address>0xde2e</run_address>
         <size>0x3e</size>
         <input_file_ref idref="fl-4"/>
      </object_component>
      <object_component id="oc-394">
         <name>.text:clearLCD</name>
         <load_address>0xde6c</load_address>
         <run_address>0xde6c</run_address>
         <size>0x3e</size>
         <input_file_ref idref="fl-2"/>
      </object_component>
      <object_component id="oc-6a">
         <name>.text:decompress:none:__TI_decompress_none</name>
         <load_address>0xdeaa</load_address>
         <run_address>0xdeaa</run_address>
         <size>0x3c</size>
         <input_file_ref idref="fl-5d"/>
      </object_component>
      <object_component id="oc-36c">
         <name>.text:drive</name>
         <load_address>0xdee6</load_address>
         <run_address>0xdee6</run_address>
         <size>0x3a</size>
         <input_file_ref idref="fl-6"/>
      </object_component>
      <object_component id="oc-383">
         <name>.text:sprintf</name>
         <load_address>0xdf20</load_address>
         <run_address>0xdf20</run_address>
         <size>0x38</size>
         <input_file_ref idref="fl-38"/>
      </object_component>
      <object_component id="oc-38f">
         <name>.text</name>
         <load_address>0xdf58</load_address>
         <run_address>0xdf58</run_address>
         <size>0x36</size>
         <input_file_ref idref="fl-40"/>
      </object_component>
      <object_component id="oc-41e">
         <name>.text:GPIO_setAsPeripheralModuleFunctionInputPin</name>
         <load_address>0xdf8e</load_address>
         <run_address>0xdf8e</run_address>
         <size>0x34</size>
         <input_file_ref idref="fl-10"/>
      </object_component>
      <object_component id="oc-430">
         <name>.text:CS_turnOnXT1LF</name>
         <load_address>0xdfc2</load_address>
         <run_address>0xdfc2</run_address>
         <size>0x30</size>
         <input_file_ref idref="fl-9"/>
      </object_component>
      <object_component id="oc-329">
         <name>.text:Init_KEYPAD</name>
         <load_address>0xdff2</load_address>
         <run_address>0xdff2</run_address>
         <size>0x30</size>
         <input_file_ref idref="fl-4"/>
      </object_component>
      <object_component id="oc-37e">
         <name>.text</name>
         <load_address>0xe022</load_address>
         <run_address>0xe022</run_address>
         <size>0x2c</size>
         <input_file_ref idref="fl-39"/>
      </object_component>
      <object_component id="oc-446">
         <name>.text:LCD_E_init</name>
         <load_address>0xe04e</load_address>
         <run_address>0xe04e</run_address>
         <size>0x28</size>
         <input_file_ref idref="fl-12"/>
      </object_component>
      <object_component id="oc-4f0">
         <name>.text</name>
         <load_address>0xe076</load_address>
         <run_address>0xe076</run_address>
         <size>0x26</size>
         <input_file_ref idref="fl-55"/>
      </object_component>
      <object_component id="oc-417">
         <name>.text:GPIO_setAsInputPinWithPullUpResistor</name>
         <load_address>0xe09c</load_address>
         <run_address>0xe09c</run_address>
         <size>0x22</size>
         <input_file_ref idref="fl-10"/>
      </object_component>
      <object_component id="oc-55a">
         <name>.text:setLCDFunction</name>
         <load_address>0xe0be</load_address>
         <run_address>0xe0be</run_address>
         <size>0x20</size>
         <input_file_ref idref="fl-12"/>
      </object_component>
      <object_component id="oc-482">
         <name>.text:GPIO_setAsInputPin</name>
         <load_address>0xe0de</load_address>
         <run_address>0xe0de</run_address>
         <size>0x1e</size>
         <input_file_ref idref="fl-10"/>
      </object_component>
      <object_component id="oc-2ad">
         <name>.text:_isr:_c_int00_noargs</name>
         <load_address>0xe0fc</load_address>
         <run_address>0xe0fc</run_address>
         <size>0x1c</size>
         <input_file_ref idref="fl-56"/>
      </object_component>
      <object_component id="oc-59b">
         <name>.text:GPIO_getInputPinValue</name>
         <load_address>0xe118</load_address>
         <run_address>0xe118</run_address>
         <size>0x1a</size>
         <input_file_ref idref="fl-10"/>
      </object_component>
      <object_component id="oc-411">
         <name>.text:GPIO_setAsOutputPin</name>
         <load_address>0xe132</load_address>
         <run_address>0xe132</run_address>
         <size>0x1a</size>
         <input_file_ref idref="fl-10"/>
      </object_component>
      <object_component id="oc-378">
         <name>.text:getLocation</name>
         <load_address>0xe14c</load_address>
         <run_address>0xe14c</run_address>
         <size>0x1a</size>
         <input_file_ref idref="fl-6"/>
      </object_component>
      <object_component id="oc-39a">
         <name>.text:getTarget</name>
         <load_address>0xe166</load_address>
         <run_address>0xe166</run_address>
         <size>0x1a</size>
         <input_file_ref idref="fl-6"/>
      </object_component>
      <object_component id="oc-61b">
         <name>.text:memccpy</name>
         <load_address>0xe180</load_address>
         <run_address>0xe180</run_address>
         <size>0x1a</size>
         <input_file_ref idref="fl-68"/>
      </object_component>
      <object_component id="oc-4d3">
         <name>.text:_outs</name>
         <load_address>0xe19a</load_address>
         <run_address>0xe19a</run_address>
         <size>0x18</size>
         <input_file_ref idref="fl-38"/>
      </object_component>
      <object_component id="oc-5a1">
         <name>.text:GPIO_setOutputHighOnPin</name>
         <load_address>0xe1b2</load_address>
         <run_address>0xe1b2</run_address>
         <size>0x16</size>
         <input_file_ref idref="fl-10"/>
      </object_component>
      <object_component id="oc-40b">
         <name>.text:GPIO_setOutputLowOnPin</name>
         <load_address>0xe1c8</load_address>
         <run_address>0xe1c8</run_address>
         <size>0x16</size>
         <input_file_ref idref="fl-10"/>
      </object_component>
      <object_component id="oc-311">
         <name>.text:WDT_A_hold</name>
         <load_address>0xe1de</load_address>
         <run_address>0xe1de</run_address>
         <size>0x16</size>
         <input_file_ref idref="fl-1d"/>
      </object_component>
      <object_component id="oc-4cd">
         <name>.text</name>
         <load_address>0xe1f4</load_address>
         <run_address>0xe1f4</run_address>
         <size>0x16</size>
         <input_file_ref idref="fl-3a"/>
      </object_component>
      <object_component id="oc-60e">
         <name>.text:memset</name>
         <load_address>0xe20a</load_address>
         <run_address>0xe20a</run_address>
         <size>0x14</size>
         <input_file_ref idref="fl-69"/>
      </object_component>
      <object_component id="oc-4f5">
         <name>.text</name>
         <load_address>0xe21e</load_address>
         <run_address>0xe21e</run_address>
         <size>0x14</size>
         <input_file_ref idref="fl-54"/>
      </object_component>
      <object_component id="oc-44c">
         <name>.text:LCD_E_setVLCDSource</name>
         <load_address>0xe232</load_address>
         <run_address>0xe232</run_address>
         <size>0x12</size>
         <input_file_ref idref="fl-12"/>
      </object_component>
      <object_component id="oc-4d9">
         <name>.text:_outc</name>
         <load_address>0xe244</load_address>
         <run_address>0xe244</run_address>
         <size>0x12</size>
         <input_file_ref idref="fl-38"/>
      </object_component>
      <object_component id="oc-440">
         <name>.text:memcpy</name>
         <load_address>0xe256</load_address>
         <run_address>0xe256</run_address>
         <size>0x12</size>
         <input_file_ref idref="fl-62"/>
      </object_component>
      <object_component id="oc-49d">
         <name>.text:strlen</name>
         <load_address>0xe268</load_address>
         <run_address>0xe268</run_address>
         <size>0xe</size>
         <input_file_ref idref="fl-63"/>
      </object_component>
      <object_component id="oc-476">
         <name>.text:LCD_E_on</name>
         <load_address>0xe276</load_address>
         <run_address>0xe276</run_address>
         <size>0xc</size>
         <input_file_ref idref="fl-12"/>
      </object_component>
      <object_component id="oc-45e">
         <name>.text:LCD_E_setChargePumpFreq</name>
         <load_address>0xe282</load_address>
         <run_address>0xe282</run_address>
         <size>0xc</size>
         <input_file_ref idref="fl-12"/>
      </object_component>
      <object_component id="oc-452">
         <name>.text:LCD_E_setVLCDVoltage</name>
         <load_address>0xe28e</load_address>
         <run_address>0xe28e</run_address>
         <size>0xc</size>
         <input_file_ref idref="fl-12"/>
      </object_component>
      <object_component id="oc-424">
         <name>.text:CS_setExternalClockSource</name>
         <load_address>0xe29a</load_address>
         <run_address>0xe29a</run_address>
         <size>0xa</size>
         <input_file_ref idref="fl-9"/>
      </object_component>
      <object_component id="oc-470">
         <name>.text:LCD_E_selectDisplayMemory</name>
         <load_address>0xe2a4</load_address>
         <run_address>0xe2a4</run_address>
         <size>0xa</size>
         <input_file_ref idref="fl-12"/>
      </object_component>
      <object_component id="oc-560">
         <name>.text</name>
         <load_address>0xe2ae</load_address>
         <run_address>0xe2ae</run_address>
         <size>0xa</size>
         <input_file_ref idref="fl-52"/>
      </object_component>
      <object_component id="oc-555">
         <name>.text</name>
         <load_address>0xe2b8</load_address>
         <run_address>0xe2b8</run_address>
         <size>0xa</size>
         <input_file_ref idref="fl-53"/>
      </object_component>
      <object_component id="oc-458">
         <name>.text:LCD_E_enableChargePump</name>
         <load_address>0xe2c2</load_address>
         <run_address>0xe2c2</run_address>
         <size>0x8</size>
         <input_file_ref idref="fl-12"/>
      </object_component>
      <object_component id="oc-296">
         <name>.text:_isr:__TI_ISR_TRAP</name>
         <load_address>0xe2ca</load_address>
         <run_address>0xe2ca</run_address>
         <size>0x8</size>
         <input_file_ref idref="fl-51"/>
      </object_component>
      <object_component id="oc-464">
         <name>.text:LCD_E_clearAllMemory</name>
         <load_address>0xe2d2</load_address>
         <run_address>0xe2d2</run_address>
         <size>0x6</size>
         <input_file_ref idref="fl-12"/>
      </object_component>
      <object_component id="oc-32f">
         <name>.text:PMM_unlockLPM5</name>
         <load_address>0xe2d8</load_address>
         <run_address>0xe2d8</run_address>
         <size>0x6</size>
         <input_file_ref idref="fl-14"/>
      </object_component>
      <object_component id="oc-3c6">
         <name>.text:abort</name>
         <load_address>0xe2de</load_address>
         <run_address>0xe2de</run_address>
         <size>0x6</size>
         <input_file_ref idref="fl-5f"/>
      </object_component>
      <object_component id="oc-372">
         <name>.text:setDist</name>
         <load_address>0xe2e4</load_address>
         <run_address>0xe2e4</run_address>
         <size>0x6</size>
         <input_file_ref idref="fl-6"/>
      </object_component>
      <object_component id="oc-353">
         <name>.text:setSpeed</name>
         <load_address>0xe2ea</load_address>
         <run_address>0xe2ea</run_address>
         <size>0x6</size>
         <input_file_ref idref="fl-6"/>
      </object_component>
      <object_component id="oc-366">
         <name>.text:setTarget</name>
         <load_address>0xe2f0</load_address>
         <run_address>0xe2f0</run_address>
         <size>0x6</size>
         <input_file_ref idref="fl-6"/>
      </object_component>
      <object_component id="oc-2e9">
         <name>.text:_system_pre_init</name>
         <load_address>0xe2f6</load_address>
         <run_address>0xe2f6</run_address>
         <size>0x4</size>
         <input_file_ref idref="fl-5b"/>
      </object_component>
      <object_component id="oc-522">
         <name>.text:_system_post_cinit</name>
         <load_address>0xe2fa</load_address>
         <run_address>0xe2fa</run_address>
         <size>0x2</size>
         <input_file_ref idref="fl-5c"/>
      </object_component>
      <object_component id="oc-54f">
         <name>.data</name>
         <load_address>0x2000</load_address>
         <run_address>0x2000</run_address>
         <size>0x4</size>
         <input_file_ref idref="fl-9"/>
      </object_component>
      <object_component id="oc-27b">
         <name>.stack</name>
         <uninitialized>true</uninitialized>
         <run_address>0x2760</run_address>
         <size>0x2</size>
         <input_file_ref idref="fl-56"/>
      </object_component>
      <object_component id="oc-6b1">
         <name>.stack</name>
         <uninitialized>true</uninitialized>
         <run_address>0x2760</run_address>
         <size>0x0</size>
      </object_component>
      <object_component id="oc-70">
         <name>.int45</name>
         <load_address>0xffe2</load_address>
         <run_address>0xffe2</run_address>
         <size>0x2</size>
         <input_file_ref idref="fl-43"/>
      </object_component>
      <object_component id="oc-71">
         <name>.int46</name>
         <load_address>0xffe4</load_address>
         <run_address>0xffe4</run_address>
         <size>0x2</size>
         <input_file_ref idref="fl-44"/>
      </object_component>
      <object_component id="oc-72">
         <name>.int47</name>
         <load_address>0xffe6</load_address>
         <run_address>0xffe6</run_address>
         <size>0x2</size>
         <input_file_ref idref="fl-45"/>
      </object_component>
      <object_component id="oc-73">
         <name>.int48</name>
         <load_address>0xffe8</load_address>
         <run_address>0xffe8</run_address>
         <size>0x2</size>
         <input_file_ref idref="fl-46"/>
      </object_component>
      <object_component id="oc-74">
         <name>.int49</name>
         <load_address>0xffea</load_address>
         <run_address>0xffea</run_address>
         <size>0x2</size>
         <input_file_ref idref="fl-47"/>
      </object_component>
      <object_component id="oc-75">
         <name>.int50</name>
         <load_address>0xffec</load_address>
         <run_address>0xffec</run_address>
         <size>0x2</size>
         <input_file_ref idref="fl-48"/>
      </object_component>
      <object_component id="oc-76">
         <name>.int51</name>
         <load_address>0xffee</load_address>
         <run_address>0xffee</run_address>
         <size>0x2</size>
         <input_file_ref idref="fl-49"/>
      </object_component>
      <object_component id="oc-77">
         <name>.int52</name>
         <load_address>0xfff0</load_address>
         <run_address>0xfff0</run_address>
         <size>0x2</size>
         <input_file_ref idref="fl-4a"/>
      </object_component>
      <object_component id="oc-78">
         <name>.int53</name>
         <load_address>0xfff2</load_address>
         <run_address>0xfff2</run_address>
         <size>0x2</size>
         <input_file_ref idref="fl-4b"/>
      </object_component>
      <object_component id="oc-79">
         <name>.int54</name>
         <load_address>0xfff4</load_address>
         <run_address>0xfff4</run_address>
         <size>0x2</size>
         <input_file_ref idref="fl-4c"/>
      </object_component>
      <object_component id="oc-7a">
         <name>.int55</name>
         <load_address>0xfff6</load_address>
         <run_address>0xfff6</run_address>
         <size>0x2</size>
         <input_file_ref idref="fl-4d"/>
      </object_component>
      <object_component id="oc-7b">
         <name>.int56</name>
         <load_address>0xfff8</load_address>
         <run_address>0xfff8</run_address>
         <size>0x2</size>
         <input_file_ref idref="fl-4e"/>
      </object_component>
      <object_component id="oc-7c">
         <name>.int57</name>
         <load_address>0xfffa</load_address>
         <run_address>0xfffa</run_address>
         <size>0x2</size>
         <input_file_ref idref="fl-4f"/>
      </object_component>
      <object_component id="oc-7d">
         <name>.int58</name>
         <load_address>0xfffc</load_address>
         <run_address>0xfffc</run_address>
         <size>0x2</size>
         <input_file_ref idref="fl-50"/>
      </object_component>
      <object_component id="oc-27e">
         <name>.reset</name>
         <load_address>0xfffe</load_address>
         <run_address>0xfffe</run_address>
         <size>0x2</size>
         <input_file_ref idref="fl-56"/>
      </object_component>
      <object_component id="oc-568">
         <name>.debug_info</name>
         <load_address>0x0</load_address>
         <run_address>0x0</run_address>
         <size>0x47f</size>
         <input_file_ref idref="fl-2"/>
      </object_component>
      <object_component id="oc-589">
         <name>.debug_info</name>
         <load_address>0x47f</load_address>
         <run_address>0x47f</run_address>
         <size>0xd1</size>
         <input_file_ref idref="fl-2"/>
      </object_component>
      <object_component id="oc-586">
         <name>.debug_info</name>
         <load_address>0x550</load_address>
         <run_address>0x550</run_address>
         <size>0xdd</size>
         <input_file_ref idref="fl-2"/>
      </object_component>
      <object_component id="oc-583">
         <name>.debug_info</name>
         <load_address>0x62d</load_address>
         <run_address>0x62d</run_address>
         <size>0xdd</size>
         <input_file_ref idref="fl-2"/>
      </object_component>
      <object_component id="oc-43e">
         <name>.debug_info</name>
         <load_address>0x70a</load_address>
         <run_address>0x70a</run_address>
         <size>0xd4</size>
         <input_file_ref idref="fl-2"/>
      </object_component>
      <object_component id="oc-58d">
         <name>.debug_info</name>
         <load_address>0x7de</load_address>
         <run_address>0x7de</run_address>
         <size>0xd4</size>
         <input_file_ref idref="fl-2"/>
      </object_component>
      <object_component id="oc-4a7">
         <name>.debug_info</name>
         <load_address>0x8b2</load_address>
         <run_address>0x8b2</run_address>
         <size>0x163</size>
         <input_file_ref idref="fl-2"/>
      </object_component>
      <object_component id="oc-4ad">
         <name>.debug_info</name>
         <load_address>0xa15</load_address>
         <run_address>0xa15</run_address>
         <size>0x202</size>
         <input_file_ref idref="fl-2"/>
      </object_component>
      <object_component id="oc-395">
         <name>.debug_info</name>
         <load_address>0xc17</load_address>
         <run_address>0xc17</run_address>
         <size>0x107</size>
         <input_file_ref idref="fl-2"/>
      </object_component>
      <object_component id="oc-324">
         <name>.debug_info</name>
         <load_address>0xd1e</load_address>
         <run_address>0xd1e</run_address>
         <size>0x2a1</size>
         <input_file_ref idref="fl-2"/>
      </object_component>
      <object_component id="oc-506">
         <name>.debug_info</name>
         <load_address>0xfbf</load_address>
         <run_address>0xfbf</run_address>
         <size>0x26b</size>
         <input_file_ref idref="fl-2"/>
      </object_component>
      <object_component id="oc-47d">
         <name>.debug_info</name>
         <load_address>0x122a</load_address>
         <run_address>0x122a</run_address>
         <size>0x9e</size>
         <input_file_ref idref="fl-2"/>
      </object_component>
      <object_component id="oc-50b">
         <name>.debug_info</name>
         <load_address>0x12c8</load_address>
         <run_address>0x12c8</run_address>
         <size>0x392</size>
         <input_file_ref idref="fl-2"/>
      </object_component>
      <object_component id="oc-3c1">
         <name>.debug_info</name>
         <load_address>0x165a</load_address>
         <run_address>0x165a</run_address>
         <size>0x8b</size>
         <input_file_ref idref="fl-2"/>
      </object_component>
      <object_component id="oc-543">
         <name>.debug_info</name>
         <load_address>0x16e5</load_address>
         <run_address>0x16e5</run_address>
         <size>0x275</size>
         <input_file_ref idref="fl-2"/>
      </object_component>
      <object_component id="oc-406">
         <name>.debug_info</name>
         <load_address>0x195a</load_address>
         <run_address>0x195a</run_address>
         <size>0xbb</size>
         <input_file_ref idref="fl-2"/>
      </object_component>
      <object_component id="oc-56c">
         <name>.debug_info</name>
         <load_address>0x1a15</load_address>
         <run_address>0x1a15</run_address>
         <size>0x2c</size>
         <input_file_ref idref="fl-2"/>
      </object_component>
      <object_component id="oc-3ba">
         <name>.debug_info</name>
         <load_address>0x1a41</load_address>
         <run_address>0x1a41</run_address>
         <size>0x6d0</size>
         <input_file_ref idref="fl-3"/>
      </object_component>
      <object_component id="oc-336">
         <name>.debug_info</name>
         <load_address>0x2111</load_address>
         <run_address>0x2111</run_address>
         <size>0xd1</size>
         <input_file_ref idref="fl-3"/>
      </object_component>
      <object_component id="oc-339">
         <name>.debug_info</name>
         <load_address>0x21e2</load_address>
         <run_address>0x21e2</run_address>
         <size>0xd1</size>
         <input_file_ref idref="fl-3"/>
      </object_component>
      <object_component id="oc-33c">
         <name>.debug_info</name>
         <load_address>0x22b3</load_address>
         <run_address>0x22b3</run_address>
         <size>0xd1</size>
         <input_file_ref idref="fl-3"/>
      </object_component>
      <object_component id="oc-33f">
         <name>.debug_info</name>
         <load_address>0x2384</load_address>
         <run_address>0x2384</run_address>
         <size>0xd1</size>
         <input_file_ref idref="fl-3"/>
      </object_component>
      <object_component id="oc-342">
         <name>.debug_info</name>
         <load_address>0x2455</load_address>
         <run_address>0x2455</run_address>
         <size>0xd1</size>
         <input_file_ref idref="fl-3"/>
      </object_component>
      <object_component id="oc-345">
         <name>.debug_info</name>
         <load_address>0x2526</load_address>
         <run_address>0x2526</run_address>
         <size>0xd1</size>
         <input_file_ref idref="fl-3"/>
      </object_component>
      <object_component id="oc-348">
         <name>.debug_info</name>
         <load_address>0x25f7</load_address>
         <run_address>0x25f7</run_address>
         <size>0xd1</size>
         <input_file_ref idref="fl-3"/>
      </object_component>
      <object_component id="oc-34b">
         <name>.debug_info</name>
         <load_address>0x26c8</load_address>
         <run_address>0x26c8</run_address>
         <size>0xd1</size>
         <input_file_ref idref="fl-3"/>
      </object_component>
      <object_component id="oc-318">
         <name>.debug_info</name>
         <load_address>0x2799</load_address>
         <run_address>0x2799</run_address>
         <size>0x328</size>
         <input_file_ref idref="fl-3"/>
      </object_component>
      <object_component id="oc-31e">
         <name>.debug_info</name>
         <load_address>0x2ac1</load_address>
         <run_address>0x2ac1</run_address>
         <size>0x1b4</size>
         <input_file_ref idref="fl-3"/>
      </object_component>
      <object_component id="oc-2f0">
         <name>.debug_info</name>
         <load_address>0x2c75</load_address>
         <run_address>0x2c75</run_address>
         <size>0x9af</size>
         <input_file_ref idref="fl-3"/>
      </object_component>
      <object_component id="oc-4be">
         <name>.debug_info</name>
         <load_address>0x3624</load_address>
         <run_address>0x3624</run_address>
         <size>0x4a</size>
         <input_file_ref idref="fl-3"/>
      </object_component>
      <object_component id="oc-5b3">
         <name>.debug_info</name>
         <load_address>0x366e</load_address>
         <run_address>0x366e</run_address>
         <size>0x2c</size>
         <input_file_ref idref="fl-3"/>
      </object_component>
      <object_component id="oc-3bc">
         <name>.debug_info</name>
         <load_address>0x369a</load_address>
         <run_address>0x369a</run_address>
         <size>0x13e</size>
         <input_file_ref idref="fl-3"/>
      </object_component>
      <object_component id="oc-4fb">
         <name>.debug_info</name>
         <load_address>0x37d8</load_address>
         <run_address>0x37d8</run_address>
         <size>0x338</size>
         <input_file_ref idref="fl-4"/>
      </object_component>
      <object_component id="oc-4e8">
         <name>.debug_info</name>
         <load_address>0x3b10</load_address>
         <run_address>0x3b10</run_address>
         <size>0xd7</size>
         <input_file_ref idref="fl-4"/>
      </object_component>
      <object_component id="oc-4b5">
         <name>.debug_info</name>
         <load_address>0x3be7</load_address>
         <run_address>0x3be7</run_address>
         <size>0xd7</size>
         <input_file_ref idref="fl-4"/>
      </object_component>
      <object_component id="oc-595">
         <name>.debug_info</name>
         <load_address>0x3cbe</load_address>
         <run_address>0x3cbe</run_address>
         <size>0x220</size>
         <input_file_ref idref="fl-4"/>
      </object_component>
      <object_component id="oc-4b8">
         <name>.debug_info</name>
         <load_address>0x3ede</load_address>
         <run_address>0x3ede</run_address>
         <size>0x17a</size>
         <input_file_ref idref="fl-4"/>
      </object_component>
      <object_component id="oc-38a">
         <name>.debug_info</name>
         <load_address>0x4058</load_address>
         <run_address>0x4058</run_address>
         <size>0x289</size>
         <input_file_ref idref="fl-4"/>
      </object_component>
      <object_component id="oc-361">
         <name>.debug_info</name>
         <load_address>0x42e1</load_address>
         <run_address>0x42e1</run_address>
         <size>0x168</size>
         <input_file_ref idref="fl-4"/>
      </object_component>
      <object_component id="oc-32a">
         <name>.debug_info</name>
         <load_address>0x4449</load_address>
         <run_address>0x4449</run_address>
         <size>0x195</size>
         <input_file_ref idref="fl-4"/>
      </object_component>
      <object_component id="oc-4b3">
         <name>.debug_info</name>
         <load_address>0x45de</load_address>
         <run_address>0x45de</run_address>
         <size>0x1f7</size>
         <input_file_ref idref="fl-5"/>
      </object_component>
      <object_component id="oc-4a4">
         <name>.debug_info</name>
         <load_address>0x47d5</load_address>
         <run_address>0x47d5</run_address>
         <size>0xd4</size>
         <input_file_ref idref="fl-5"/>
      </object_component>
      <object_component id="oc-35b">
         <name>.debug_info</name>
         <load_address>0x48a9</load_address>
         <run_address>0x48a9</run_address>
         <size>0x190</size>
         <input_file_ref idref="fl-5"/>
      </object_component>
      <object_component id="oc-285">
         <name>.debug_info</name>
         <load_address>0x4a39</load_address>
         <run_address>0x4a39</run_address>
         <size>0x84</size>
         <input_file_ref idref="fl-5"/>
      </object_component>
      <object_component id="oc-49b">
         <name>.debug_info</name>
         <load_address>0x4abd</load_address>
         <run_address>0x4abd</run_address>
         <size>0x2a6</size>
         <input_file_ref idref="fl-6"/>
      </object_component>
      <object_component id="oc-4c5">
         <name>.debug_info</name>
         <load_address>0x4d63</load_address>
         <run_address>0x4d63</run_address>
         <size>0x42b</size>
         <input_file_ref idref="fl-6"/>
      </object_component>
      <object_component id="oc-367">
         <name>.debug_info</name>
         <load_address>0x518e</load_address>
         <run_address>0x518e</run_address>
         <size>0x165</size>
         <input_file_ref idref="fl-6"/>
      </object_component>
      <object_component id="oc-354">
         <name>.debug_info</name>
         <load_address>0x52f3</load_address>
         <run_address>0x52f3</run_address>
         <size>0x15f</size>
         <input_file_ref idref="fl-6"/>
      </object_component>
      <object_component id="oc-373">
         <name>.debug_info</name>
         <load_address>0x5452</load_address>
         <run_address>0x5452</run_address>
         <size>0x159</size>
         <input_file_ref idref="fl-6"/>
      </object_component>
      <object_component id="oc-34e">
         <name>.debug_info</name>
         <load_address>0x55ab</load_address>
         <run_address>0x55ab</run_address>
         <size>0x227</size>
         <input_file_ref idref="fl-6"/>
      </object_component>
      <object_component id="oc-39b">
         <name>.debug_info</name>
         <load_address>0x57d2</load_address>
         <run_address>0x57d2</run_address>
         <size>0x160</size>
         <input_file_ref idref="fl-6"/>
      </object_component>
      <object_component id="oc-379">
         <name>.debug_info</name>
         <load_address>0x5932</load_address>
         <run_address>0x5932</run_address>
         <size>0x164</size>
         <input_file_ref idref="fl-6"/>
      </object_component>
      <object_component id="oc-36d">
         <name>.debug_info</name>
         <load_address>0x5a96</load_address>
         <run_address>0x5a96</run_address>
         <size>0x195</size>
         <input_file_ref idref="fl-6"/>
      </object_component>
      <object_component id="oc-550">
         <name>.debug_info</name>
         <load_address>0x5c2b</load_address>
         <run_address>0x5c2b</run_address>
         <size>0xfb</size>
         <input_file_ref idref="fl-9"/>
      </object_component>
      <object_component id="oc-431">
         <name>.debug_info</name>
         <load_address>0x5d26</load_address>
         <run_address>0x5d26</run_address>
         <size>0x13e</size>
         <input_file_ref idref="fl-9"/>
      </object_component>
      <object_component id="oc-425">
         <name>.debug_info</name>
         <load_address>0x5e64</load_address>
         <run_address>0x5e64</run_address>
         <size>0x197</size>
         <input_file_ref idref="fl-9"/>
      </object_component>
      <object_component id="oc-42b">
         <name>.debug_info</name>
         <load_address>0x5ffb</load_address>
         <run_address>0x5ffb</run_address>
         <size>0x234</size>
         <input_file_ref idref="fl-9"/>
      </object_component>
      <object_component id="oc-5f5">
         <name>.debug_info</name>
         <load_address>0x622f</load_address>
         <run_address>0x622f</run_address>
         <size>0x15c</size>
         <input_file_ref idref="fl-10"/>
      </object_component>
      <object_component id="oc-549">
         <name>.debug_info</name>
         <load_address>0x638b</load_address>
         <run_address>0x638b</run_address>
         <size>0xef</size>
         <input_file_ref idref="fl-10"/>
      </object_component>
      <object_component id="oc-40c">
         <name>.debug_info</name>
         <load_address>0x647a</load_address>
         <run_address>0x647a</run_address>
         <size>0x1de</size>
         <input_file_ref idref="fl-10"/>
      </object_component>
      <object_component id="oc-5a2">
         <name>.debug_info</name>
         <load_address>0x6658</load_address>
         <run_address>0x6658</run_address>
         <size>0x1e0</size>
         <input_file_ref idref="fl-10"/>
      </object_component>
      <object_component id="oc-41f">
         <name>.debug_info</name>
         <load_address>0x6838</load_address>
         <run_address>0x6838</run_address>
         <size>0x226</size>
         <input_file_ref idref="fl-10"/>
      </object_component>
      <object_component id="oc-412">
         <name>.debug_info</name>
         <load_address>0x6a5e</load_address>
         <run_address>0x6a5e</run_address>
         <size>0x1d5</size>
         <input_file_ref idref="fl-10"/>
      </object_component>
      <object_component id="oc-418">
         <name>.debug_info</name>
         <load_address>0x6c33</load_address>
         <run_address>0x6c33</run_address>
         <size>0x1fa</size>
         <input_file_ref idref="fl-10"/>
      </object_component>
      <object_component id="oc-483">
         <name>.debug_info</name>
         <load_address>0x6e2d</load_address>
         <run_address>0x6e2d</run_address>
         <size>0x1d3</size>
         <input_file_ref idref="fl-10"/>
      </object_component>
      <object_component id="oc-59c">
         <name>.debug_info</name>
         <load_address>0x7000</load_address>
         <run_address>0x7000</run_address>
         <size>0x1e0</size>
         <input_file_ref idref="fl-10"/>
      </object_component>
      <object_component id="oc-572">
         <name>.debug_info</name>
         <load_address>0x71e0</load_address>
         <run_address>0x71e0</run_address>
         <size>0x155</size>
         <input_file_ref idref="fl-12"/>
      </object_component>
      <object_component id="oc-453">
         <name>.debug_info</name>
         <load_address>0x7335</load_address>
         <run_address>0x7335</run_address>
         <size>0x1a3</size>
         <input_file_ref idref="fl-12"/>
      </object_component>
      <object_component id="oc-44d">
         <name>.debug_info</name>
         <load_address>0x74d8</load_address>
         <run_address>0x74d8</run_address>
         <size>0x1a9</size>
         <input_file_ref idref="fl-12"/>
      </object_component>
      <object_component id="oc-55b">
         <name>.debug_info</name>
         <load_address>0x7681</load_address>
         <run_address>0x7681</run_address>
         <size>0x1b4</size>
         <input_file_ref idref="fl-12"/>
      </object_component>
      <object_component id="oc-438">
         <name>.debug_info</name>
         <load_address>0x7835</load_address>
         <run_address>0x7835</run_address>
         <size>0x2fc</size>
         <input_file_ref idref="fl-12"/>
      </object_component>
      <object_component id="oc-46b">
         <name>.debug_info</name>
         <load_address>0x7b31</load_address>
         <run_address>0x7b31</run_address>
         <size>0x1f7</size>
         <input_file_ref idref="fl-12"/>
      </object_component>
      <object_component id="oc-45f">
         <name>.debug_info</name>
         <load_address>0x7d28</load_address>
         <run_address>0x7d28</run_address>
         <size>0x19d</size>
         <input_file_ref idref="fl-12"/>
      </object_component>
      <object_component id="oc-471">
         <name>.debug_info</name>
         <load_address>0x7ec5</load_address>
         <run_address>0x7ec5</run_address>
         <size>0x1c5</size>
         <input_file_ref idref="fl-12"/>
      </object_component>
      <object_component id="oc-477">
         <name>.debug_info</name>
         <load_address>0x808a</load_address>
         <run_address>0x808a</run_address>
         <size>0x15d</size>
         <input_file_ref idref="fl-12"/>
      </object_component>
      <object_component id="oc-447">
         <name>.debug_info</name>
         <load_address>0x81e7</load_address>
         <run_address>0x81e7</run_address>
         <size>0x19b</size>
         <input_file_ref idref="fl-12"/>
      </object_component>
      <object_component id="oc-459">
         <name>.debug_info</name>
         <load_address>0x8382</load_address>
         <run_address>0x8382</run_address>
         <size>0x179</size>
         <input_file_ref idref="fl-12"/>
      </object_component>
      <object_component id="oc-465">
         <name>.debug_info</name>
         <load_address>0x84fb</load_address>
         <run_address>0x84fb</run_address>
         <size>0x175</size>
         <input_file_ref idref="fl-12"/>
      </object_component>
      <object_component id="oc-330">
         <name>.debug_info</name>
         <load_address>0x8670</load_address>
         <run_address>0x8670</run_address>
         <size>0x125</size>
         <input_file_ref idref="fl-14"/>
      </object_component>
      <object_component id="oc-312">
         <name>.debug_info</name>
         <load_address>0x8795</load_address>
         <run_address>0x8795</run_address>
         <size>0x182</size>
         <input_file_ref idref="fl-1d"/>
      </object_component>
      <object_component id="oc-4e6">
         <name>.debug_info</name>
         <load_address>0x8917</load_address>
         <run_address>0x8917</run_address>
         <size>0x20b</size>
         <input_file_ref idref="fl-38"/>
      </object_component>
      <object_component id="oc-384">
         <name>.debug_info</name>
         <load_address>0x8b22</load_address>
         <run_address>0x8b22</run_address>
         <size>0x1c2</size>
         <input_file_ref idref="fl-38"/>
      </object_component>
      <object_component id="oc-4d4">
         <name>.debug_info</name>
         <load_address>0x8ce4</load_address>
         <run_address>0x8ce4</run_address>
         <size>0x198</size>
         <input_file_ref idref="fl-38"/>
      </object_component>
      <object_component id="oc-4da">
         <name>.debug_info</name>
         <load_address>0x8e7c</load_address>
         <run_address>0x8e7c</run_address>
         <size>0x16d</size>
         <input_file_ref idref="fl-38"/>
      </object_component>
      <object_component id="oc-624">
         <name>.debug_info</name>
         <load_address>0x8fe9</load_address>
         <run_address>0x8fe9</run_address>
         <size>0x2c</size>
         <input_file_ref idref="fl-38"/>
      </object_component>
      <object_component id="oc-37f">
         <name>.debug_info</name>
         <load_address>0x9015</load_address>
         <run_address>0x9015</run_address>
         <size>0x135</size>
         <input_file_ref idref="fl-39"/>
      </object_component>
      <object_component id="oc-4ce">
         <name>.debug_info</name>
         <load_address>0x914a</load_address>
         <run_address>0x914a</run_address>
         <size>0x121</size>
         <input_file_ref idref="fl-3a"/>
      </object_component>
      <object_component id="oc-4ec">
         <name>.debug_info</name>
         <load_address>0x926b</load_address>
         <run_address>0x926b</run_address>
         <size>0x138</size>
         <input_file_ref idref="fl-3b"/>
      </object_component>
      <object_component id="oc-5c2">
         <name>.debug_info</name>
         <load_address>0x93a3</load_address>
         <run_address>0x93a3</run_address>
         <size>0x123</size>
         <input_file_ref idref="fl-3c"/>
      </object_component>
      <object_component id="oc-3a1">
         <name>.debug_info</name>
         <load_address>0x94c6</load_address>
         <run_address>0x94c6</run_address>
         <size>0x121</size>
         <input_file_ref idref="fl-3d"/>
      </object_component>
      <object_component id="oc-3a6">
         <name>.debug_info</name>
         <load_address>0x95e7</load_address>
         <run_address>0x95e7</run_address>
         <size>0x12d</size>
         <input_file_ref idref="fl-3e"/>
      </object_component>
      <object_component id="oc-3ab">
         <name>.debug_info</name>
         <load_address>0x9714</load_address>
         <run_address>0x9714</run_address>
         <size>0x121</size>
         <input_file_ref idref="fl-3f"/>
      </object_component>
      <object_component id="oc-390">
         <name>.debug_info</name>
         <load_address>0x9835</load_address>
         <run_address>0x9835</run_address>
         <size>0x12a</size>
         <input_file_ref idref="fl-40"/>
      </object_component>
      <object_component id="oc-3b0">
         <name>.debug_info</name>
         <load_address>0x995f</load_address>
         <run_address>0x995f</run_address>
         <size>0x121</size>
         <input_file_ref idref="fl-41"/>
      </object_component>
      <object_component id="oc-3b5">
         <name>.debug_info</name>
         <load_address>0x9a80</load_address>
         <run_address>0x9a80</run_address>
         <size>0x135</size>
         <input_file_ref idref="fl-42"/>
      </object_component>
      <object_component id="oc-297">
         <name>.debug_info</name>
         <load_address>0x9bb5</load_address>
         <run_address>0x9bb5</run_address>
         <size>0x10f</size>
         <input_file_ref idref="fl-51"/>
      </object_component>
      <object_component id="oc-561">
         <name>.debug_info</name>
         <load_address>0x9cc4</load_address>
         <run_address>0x9cc4</run_address>
         <size>0x120</size>
         <input_file_ref idref="fl-52"/>
      </object_component>
      <object_component id="oc-556">
         <name>.debug_info</name>
         <load_address>0x9de4</load_address>
         <run_address>0x9de4</run_address>
         <size>0x120</size>
         <input_file_ref idref="fl-53"/>
      </object_component>
      <object_component id="oc-4f6">
         <name>.debug_info</name>
         <load_address>0x9f04</load_address>
         <run_address>0x9f04</run_address>
         <size>0x121</size>
         <input_file_ref idref="fl-54"/>
      </object_component>
      <object_component id="oc-4f1">
         <name>.debug_info</name>
         <load_address>0xa025</load_address>
         <run_address>0xa025</run_address>
         <size>0x121</size>
         <input_file_ref idref="fl-55"/>
      </object_component>
      <object_component id="oc-27c">
         <name>.debug_info</name>
         <load_address>0xa146</load_address>
         <run_address>0xa146</run_address>
         <size>0x100</size>
         <input_file_ref idref="fl-56"/>
      </object_component>
      <object_component id="oc-2ae">
         <name>.debug_info</name>
         <load_address>0xa246</load_address>
         <run_address>0xa246</run_address>
         <size>0x17a</size>
         <input_file_ref idref="fl-56"/>
      </object_component>
      <object_component id="oc-529">
         <name>.debug_info</name>
         <load_address>0xa3c0</load_address>
         <run_address>0xa3c0</run_address>
         <size>0x409</size>
         <input_file_ref idref="fl-57"/>
      </object_component>
      <object_component id="oc-3eb">
         <name>.debug_info</name>
         <load_address>0xa7c9</load_address>
         <run_address>0xa7c9</run_address>
         <size>0x216</size>
         <input_file_ref idref="fl-57"/>
      </object_component>
      <object_component id="oc-5e2">
         <name>.debug_info</name>
         <load_address>0xa9df</load_address>
         <run_address>0xa9df</run_address>
         <size>0x39</size>
         <input_file_ref idref="fl-57"/>
      </object_component>
      <object_component id="oc-5ee">
         <name>.debug_info</name>
         <load_address>0xaa18</load_address>
         <run_address>0xaa18</run_address>
         <size>0x2c</size>
         <input_file_ref idref="fl-57"/>
      </object_component>
      <object_component id="oc-534">
         <name>.debug_info</name>
         <load_address>0xaa44</load_address>
         <run_address>0xaa44</run_address>
         <size>0x2c</size>
         <input_file_ref idref="fl-57"/>
      </object_component>
      <object_component id="oc-5e7">
         <name>.debug_info</name>
         <load_address>0xaa70</load_address>
         <run_address>0xaa70</run_address>
         <size>0xcd</size>
         <input_file_ref idref="fl-57"/>
      </object_component>
      <object_component id="oc-2ea">
         <name>.debug_info</name>
         <load_address>0xab3d</load_address>
         <run_address>0xab3d</run_address>
         <size>0x153</size>
         <input_file_ref idref="fl-5b"/>
      </object_component>
      <object_component id="oc-523">
         <name>.debug_info</name>
         <load_address>0xac90</load_address>
         <run_address>0xac90</run_address>
         <size>0x150</size>
         <input_file_ref idref="fl-5c"/>
      </object_component>
      <object_component id="oc-295">
         <name>.debug_info</name>
         <load_address>0xade0</load_address>
         <run_address>0xade0</run_address>
         <size>0x1da</size>
         <input_file_ref idref="fl-5d"/>
      </object_component>
      <object_component id="oc-6b">
         <name>.debug_info</name>
         <load_address>0xafba</load_address>
         <run_address>0xafba</run_address>
         <size>0x1f2</size>
         <input_file_ref idref="fl-5d"/>
      </object_component>
      <object_component id="oc-290">
         <name>.debug_info</name>
         <load_address>0xb1ac</load_address>
         <run_address>0xb1ac</run_address>
         <size>0x46</size>
         <input_file_ref idref="fl-5d"/>
      </object_component>
      <object_component id="oc-65">
         <name>.debug_info</name>
         <load_address>0xb1f2</load_address>
         <run_address>0xb1f2</run_address>
         <size>0x2b8</size>
         <input_file_ref idref="fl-5e"/>
      </object_component>
      <object_component id="oc-30b">
         <name>.debug_info</name>
         <load_address>0xb4aa</load_address>
         <run_address>0xb4aa</run_address>
         <size>0x46</size>
         <input_file_ref idref="fl-5e"/>
      </object_component>
      <object_component id="oc-2d9">
         <name>.debug_info</name>
         <load_address>0xb4f0</load_address>
         <run_address>0xb4f0</run_address>
         <size>0x39</size>
         <input_file_ref idref="fl-5e"/>
      </object_component>
      <object_component id="oc-280">
         <name>.debug_info</name>
         <load_address>0xb529</load_address>
         <run_address>0xb529</run_address>
         <size>0x60</size>
         <input_file_ref idref="fl-5e"/>
      </object_component>
      <object_component id="oc-3c7">
         <name>.debug_info</name>
         <load_address>0xb589</load_address>
         <run_address>0xb589</run_address>
         <size>0x122</size>
         <input_file_ref idref="fl-5f"/>
      </object_component>
      <object_component id="oc-56b">
         <name>.debug_info</name>
         <load_address>0xb6ab</load_address>
         <run_address>0xb6ab</run_address>
         <size>0x181</size>
         <input_file_ref idref="fl-62"/>
      </object_component>
      <object_component id="oc-441">
         <name>.debug_info</name>
         <load_address>0xb82c</load_address>
         <run_address>0xb82c</run_address>
         <size>0x17a</size>
         <input_file_ref idref="fl-62"/>
      </object_component>
      <object_component id="oc-57f">
         <name>.debug_info</name>
         <load_address>0xb9a6</load_address>
         <run_address>0xb9a6</run_address>
         <size>0x162</size>
         <input_file_ref idref="fl-63"/>
      </object_component>
      <object_component id="oc-49e">
         <name>.debug_info</name>
         <load_address>0xbb08</load_address>
         <run_address>0xbb08</run_address>
         <size>0x230</size>
         <input_file_ref idref="fl-63"/>
      </object_component>
      <object_component id="oc-5b2">
         <name>.debug_info</name>
         <load_address>0xbd38</load_address>
         <run_address>0xbd38</run_address>
         <size>0x2d2</size>
         <input_file_ref idref="fl-64"/>
      </object_component>
      <object_component id="oc-616">
         <name>.debug_info</name>
         <load_address>0xc00a</load_address>
         <run_address>0xc00a</run_address>
         <size>0x29b</size>
         <input_file_ref idref="fl-64"/>
      </object_component>
[...]
         <value>0x555</value>
      </symbol>
      <symbol id="sm-1e0">
         <name>UCB0I2COA1</name>
         <value>0x556</value>
      </symbol>
      <symbol id="sm-1e1">
         <name>UCB0I2COA1_L</name>
         <value>0x556</value>
      </symbol>
      <symbol id="sm-1e2">
         <name>UCB0I2COA1_H</name>
         <value>0x557</value>
      </symbol>
      <symbol id="sm-1e3">
         <name>UCB0I2COA2</name>
         <value>0x558</value>
      </symbol>
      <symbol id="sm-1e4">
         <name>UCB0I2COA2_L</name>
         <value>0x558</value>
      </symbol>
      <symbol id="sm-1e5">
         <name>UCB0I2COA2_H</name>
         <value>0x559</value>
      </symbol>
      <symbol id="sm-1e6">
         <name>UCB0I2COA3</name>
         <value>0x55a</value>
      </symbol>
      <symbol id="sm-1e7">
         <name>UCB0I2COA3_L</name>
         <value>0x55a</value>
      </symbol>
      <symbol id="sm-1e8">
         <name>UCB0I2COA3_H</name>
         <value>0x55b</value>
      </symbol>
      <symbol id="sm-1e9">
         <name>UCB0ADDRX</name>
         <value>0x55c</value>
      </symbol>
      <symbol id="sm-1ea">
         <name>UCB0ADDRX_L</name>
         <value>0x55c</value>
      </symbol>
      <symbol id="sm-1eb">
         <name>UCB0ADDRX_H</name>
         <value>0x55d</value>
      </symbol>
      <symbol id="sm-1ec">
         <name>UCB0ADDMASK</name>
         <value>0x55e</value>
      </symbol>
      <symbol id="sm-1ed">
         <name>UCB0ADDMASK_L</name>
         <value>0x55e</value>
      </symbol>
      <symbol id="sm-1ee">
         <name>UCB0ADDMASK_H</name>
         <value>0x55f</value>
      </symbol>
      <symbol id="sm-1ef">
         <name>UCB0I2CSA</name>
         <value>0x560</value>
      </symbol>
      <symbol id="sm-1f0">
         <name>UCB0I2CSA_L</name>
         <value>0x560</value>
      </symbol>
      <symbol id="sm-1f1">
         <name>UCB0I2CSA_H</name>
         <value>0x561</value>
      </symbol>
      <symbol id="sm-1f2">
         <name>UCB0IE</name>
         <value>0x56a</value>
      </symbol>
      <symbol id="sm-1f3">
         <name>UCB0IE_L</name>
         <value>0x56a</value>
      </symbol>
      <symbol id="sm-1f4">
         <name>UCB0IE_H</name>
         <value>0x56b</value>
      </symbol>
      <symbol id="sm-1f5">
         <name>UCB0IFG</name>
         <value>0x56c</value>
      </symbol>
      <symbol id="sm-1f6">
         <name>UCB0IFG_L</name>
         <value>0x56c</value>
      </symbol>
      <symbol id="sm-1f7">
         <name>UCB0IFG_H</name>
         <value>0x56d</value>
      </symbol>
      <symbol id="sm-1f8">
         <name>UCB0IV</name>
         <value>0x56e</value>
      </symbol>
      <symbol id="sm-1f9">
         <name>WDTCTL</name>
         <value>0x1cc</value>
      </symbol>
      <symbol id="sm-1fa">
         <name>WDTCTL_L</name>
         <value>0x1cc</value>
      </symbol>
      <symbol id="sm-1fb">
         <name>WDTCTL_H</name>
         <value>0x1cd</value>
      </symbol>
      <symbol id="sm-1fc">
         <name>__TI_CINIT_Base</name>
         <value>0xc410</value>
      </symbol>
      <symbol id="sm-1fd">
         <name>__TI_CINIT_Limit</name>
         <value>0xc418</value>
      </symbol>
      <symbol id="sm-1fe">
         <name>__TI_Handler_Table_Base</name>
         <value>0xc400</value>
      </symbol>
      <symbol id="sm-1ff">
         <name>__TI_Handler_Table_Limit</name>
         <value>0xc408</value>
      </symbol>
      <symbol id="sm-200">
         <name>__STACK_SIZE</name>
         <value>0xa0</value>
      </symbol>
      <symbol id="sm-201">
         <name>__STACK_END</name>
         <value>0x2800</value>
      </symbol>
      <symbol id="sm-202">
         <name>__c_args__</name>
         <value>0xffffffff</value>
      </symbol>
      <symbol id="sm-203">
         <name>__TI_pprof_out_hndl</name>
         <value>0xffffffff</value>
      </symbol>
      <symbol id="sm-204">
         <name>__TI_prof_data_start</name>
         <value>0xffffffff</value>
      </symbol>
      <symbol id="sm-205">
         <name>__TI_prof_data_size</name>
         <value>0xffffffff</value>
      </symbol>
      <symbol id="sm-2cc">
         <name>clearLCD</name>
         <value>0xde6c</value>
         <object_component_ref idref="oc-394"/>
      </symbol>
      <symbol id="sm-2cd">
         <name>displayScrollText</name>
         <value>0xd2a0</value>
         <object_component_ref idref="oc-4ac"/>
      </symbol>
      <symbol id="sm-2ce">
         <name>showChar</name>
         <value>0xd8bc</value>
         <object_component_ref idref="oc-4a6"/>
      </symbol>
      <symbol id="sm-2cf">
         <name>Init_LCD</name>
         <value>0xd376</value>
         <object_component_ref idref="oc-323"/>
      </symbol>
      <symbol id="sm-2d0">
         <name>alphabetBig</name>
         <value>0xc4e6</value>
         <object_component_ref idref="oc-585"/>
      </symbol>
      <symbol id="sm-2d1">
         <name>specialChar</name>
         <value>0xc5ce</value>
         <object_component_ref idref="oc-582"/>
      </symbol>
      <symbol id="sm-2d2">
         <name>digit</name>
         <value>0xc536</value>
         <object_component_ref idref="oc-588"/>
      </symbol>
      <symbol id="sm-354">
         <name>Init_GPIO</name>
         <value>0xd448</value>
         <object_component_ref idref="oc-317"/>
      </symbol>
      <symbol id="sm-355">
         <name>Init_Clock</name>
         <value>0xddf0</value>
         <object_component_ref idref="oc-31d"/>
      </symbol>
      <symbol id="sm-356">
         <name>main</name>
         <value>0xc5e8</value>
         <object_component_ref idref="oc-2ef"/>
      </symbol>
      <symbol id="sm-3b5">
         <name>getKeyDown</name>
         <value>0xd758</value>
         <object_component_ref idref="oc-4b7"/>
      </symbol>
      <symbol id="sm-3b6">
         <name>anyKeyDown</name>
         <value>0xde2e</value>
         <object_component_ref idref="oc-360"/>
      </symbol>
      <symbol id="sm-3b7">
         <name>nextKeypadValue</name>
         <value>0xcea2</value>
         <object_component_ref idref="oc-389"/>
      </symbol>
      <symbol id="sm-3b8">
         <name>scanRow</name>
         <value>0xd80e</value>
         <object_component_ref idref="oc-594"/>
      </symbol>
      <symbol id="sm-3b9">
         <name>Init_KEYPAD</name>
         <value>0xdff2</value>
         <object_component_ref idref="oc-329"/>
      </symbol>
      <symbol id="sm-3d3">
         <name>print</name>
         <value>0xdc72</value>
         <object_component_ref idref="oc-35a"/>
      </symbol>
      <symbol id="sm-421">
         <name>initStepper</name>
         <value>0xda00</value>
         <object_component_ref idref="oc-34d"/>
      </symbol>
      <symbol id="sm-422">
         <name>getTarget</name>
         <value>0xe166</value>
         <object_component_ref idref="oc-39a"/>
      </symbol>
      <symbol id="sm-423">
         <name>setTarget</name>
         <value>0xe2f0</value>
         <object_component_ref idref="oc-366"/>
      </symbol>
      <symbol id="sm-424">
         <name>step</name>
         <value>0xcb7a</value>
         <object_component_ref idref="oc-4c4"/>
      </symbol>
      <symbol id="sm-425">
         <name>drive</name>
         <value>0xdee6</value>
         <object_component_ref idref="oc-36c"/>
      </symbol>
      <symbol id="sm-426">
         <name>getLocation</name>
         <value>0xe14c</value>
         <object_component_ref idref="oc-378"/>
      </symbol>
      <symbol id="sm-427">
         <name>setDist</name>
         <value>0xe2e4</value>
         <object_component_ref idref="oc-372"/>
      </symbol>
      <symbol id="sm-428">
         <name>setSpeed</name>
         <value>0xe2ea</value>
         <object_component_ref idref="oc-353"/>
      </symbol>
      <symbol id="sm-453">
         <name>CS_setExternalClockSource</name>
         <value>0xe29a</value>
         <object_component_ref idref="oc-424"/>
      </symbol>
      <symbol id="sm-454">
         <name>CS_turnOnXT1LF</name>
         <value>0xdfc2</value>
         <object_component_ref idref="oc-430"/>
      </symbol>
      <symbol id="sm-455">
         <name>CS_initClockSignal</name>
         <value>0xd514</value>
         <object_component_ref idref="oc-42a"/>
      </symbol>
      <symbol id="sm-4a2">
         <name>GPIO_setAsInputPin</name>
         <value>0xe0de</value>
         <object_component_ref idref="oc-482"/>
      </symbol>
      <symbol id="sm-4a3">
         <name>GPIO_setOutputHighOnPin</name>
         <value>0xe1b2</value>
         <object_component_ref idref="oc-5a1"/>
      </symbol>
      <symbol id="sm-4a4">
         <name>GPIO_setAsInputPinWithPullUpResistor</name>
         <value>0xe09c</value>
         <object_component_ref idref="oc-417"/>
      </symbol>
      <symbol id="sm-4a5">
         <name>GPIO_setAsOutputPin</name>
         <value>0xe132</value>
         <object_component_ref idref="oc-411"/>
      </symbol>
      <symbol id="sm-4a6">
         <name>GPIO_setOutputLowOnPin</name>
         <value>0xe1c8</value>
         <object_component_ref idref="oc-40b"/>
      </symbol>
      <symbol id="sm-4a7">
         <name>GPIO_getInputPinValue</name>
         <value>0xe118</value>
         <object_component_ref idref="oc-59b"/>
      </symbol>
      <symbol id="sm-4a8">
         <name>GPIO_setAsPeripheralModuleFunctionInputPin</name>
         <value>0xdf8e</value>
         <object_component_ref idref="oc-41e"/>
      </symbol>
      <symbol id="sm-509">
         <name>LCD_E_clearAllMemory</name>
         <value>0xe2d2</value>
         <object_component_ref idref="oc-464"/>
      </symbol>
      <symbol id="sm-50a">
         <name>LCD_E_on</name>
         <value>0xe276</value>
         <object_component_ref idref="oc-476"/>
      </symbol>
      <symbol id="sm-50b">
         <name>LCD_E_setPinAsCOM</name>
         <value>0xd962</value>
         <object_component_ref idref="oc-46a"/>
      </symbol>
      <symbol id="sm-50c">
         <name>LCD_E_setVLCDSource</name>
         <value>0xe232</value>
         <object_component_ref idref="oc-44c"/>
      </symbol>
      <symbol id="sm-50d">
         <name>LCD_E_selectDisplayMemory</name>
         <value>0xe2a4</value>
         <object_component_ref idref="oc-470"/>
      </symbol>
      <symbol id="sm-50e">
         <name>LCD_E_setChargePumpFreq</name>
         <value>0xe282</value>
         <object_component_ref idref="oc-45e"/>
      </symbol>
      <symbol id="sm-50f">
         <name>LCD_E_init</name>
         <value>0xe04e</value>
         <object_component_ref idref="oc-446"/>
      </symbol>
      <symbol id="sm-510">
         <name>LCD_E_enableChargePump</name>
         <value>0xe2c2</value>
         <object_component_ref idref="oc-458"/>
      </symbol>
      <symbol id="sm-511">
         <name>LCD_E_setVLCDVoltage</name>
         <value>0xe28e</value>
         <object_component_ref idref="oc-452"/>
      </symbol>
      <symbol id="sm-512">
         <name>LCD_E_setPinAsLCDFunctionEx</name>
         <value>0xdb20</value>
         <object_component_ref idref="oc-437"/>
      </symbol>
      <symbol id="sm-51c">
         <name>PMM_unlockLPM5</name>
         <value>0xe2d8</value>
         <object_component_ref idref="oc-32f"/>
      </symbol>
      <symbol id="sm-52d">
         <name>WDT_A_hold</name>
         <value>0xe1de</value>
         <object_component_ref idref="oc-311"/>
      </symbol>
      <symbol id="sm-54e">
         <name>sprintf</name>
         <value>0xdf20</value>
         <object_component_ref idref="oc-383"/>
      </symbol>
      <symbol id="sm-55a">
         <name>__mspabi_remi</name>
         <value>0xe022</value>
         <object_component_ref idref="oc-37e"/>
      </symbol>
      <symbol id="sm-55b">
         <name>__mspabi_divi</name>
         <value>0xe022</value>
         <object_component_ref idref="oc-37e"/>
      </symbol>
      <symbol id="sm-565">
         <name>__mspabi_remu</name>
         <value>0xe1f4</value>
         <object_component_ref idref="oc-4cd"/>
      </symbol>
      <symbol id="sm-566">
         <name>__mspabi_divu</name>
         <value>0xe1f4</value>
         <object_component_ref idref="oc-4cd"/>
      </symbol>
      <symbol id="sm-572">
         <name>__mspabi_remli</name>
         <value>0xddb0</value>
         <object_component_ref idref="oc-4eb"/>
      </symbol>
      <symbol id="sm-573">
         <name>__mspabi_divli</name>
         <value>0xddb0</value>
         <object_component_ref idref="oc-4eb"/>
      </symbol>
      <symbol id="sm-581">
         <name>__mspabi_remul</name>
         <value>0xdcce</value>
         <object_component_ref idref="oc-5c1"/>
      </symbol>
      <symbol id="sm-582">
         <name>__mspabi_divul</name>
         <value>0xdcce</value>
         <object_component_ref idref="oc-5c1"/>
      </symbol>
      <symbol id="sm-59d">
         <name>__mspabi_subf</name>
         <value>0xcd70</value>
         <object_component_ref idref="oc-3a0"/>
      </symbol>
      <symbol id="sm-59e">
         <name>__mspabi_addf</name>
         <value>0xcd76</value>
         <object_component_ref idref="oc-3a0"/>
      </symbol>
      <symbol id="sm-5ae">
         <name>__mspabi_cmpf</name>
         <value>0xdd26</value>
         <object_component_ref idref="oc-3a5"/>
      </symbol>
      <symbol id="sm-5c0">
         <name>__mspabi_divf</name>
         <value>0xda90</value>
         <object_component_ref idref="oc-3aa"/>
      </symbol>
      <symbol id="sm-5cd">
         <name>__mspabi_fltif</name>
         <value>0xdf58</value>
         <object_component_ref idref="oc-38f"/>
      </symbol>
      <symbol id="sm-5e4">
         <name>__mspabi_mpyf</name>
         <value>0xd6a0</value>
         <object_component_ref idref="oc-3af"/>
      </symbol>
      <symbol id="sm-5f6">
         <name>__mspabi_fixfi</name>
         <value>0xdc0a</value>
         <object_component_ref idref="oc-3b4"/>
      </symbol>
      <symbol id="sm-5f9">
         <name>__TI_int45</name>
         <value>0xffe2</value>
         <object_component_ref idref="oc-70"/>
      </symbol>
      <symbol id="sm-5fc">
         <name>__TI_int46</name>
         <value>0xffe4</value>
         <object_component_ref idref="oc-71"/>
      </symbol>
      <symbol id="sm-5ff">
         <name>__TI_int47</name>
         <value>0xffe6</value>
         <object_component_ref idref="oc-72"/>
      </symbol>
      <symbol id="sm-602">
         <name>__TI_int48</name>
         <value>0xffe8</value>
         <object_component_ref idref="oc-73"/>
      </symbol>
      <symbol id="sm-605">
         <name>__TI_int49</name>
         <value>0xffea</value>
         <object_component_ref idref="oc-74"/>
      </symbol>
      <symbol id="sm-608">
         <name>__TI_int50</name>
         <value>0xffec</value>
         <object_component_ref idref="oc-75"/>
      </symbol>
      <symbol id="sm-60b">
         <name>__TI_int51</name>
         <value>0xffee</value>
         <object_component_ref idref="oc-76"/>
      </symbol>
      <symbol id="sm-60e">
         <name>__TI_int52</name>
         <value>0xfff0</value>
         <object_component_ref idref="oc-77"/>
      </symbol>
      <symbol id="sm-611">
         <name>__TI_int53</name>
         <value>0xfff2</value>
         <object_component_ref idref="oc-78"/>
      </symbol>
      <symbol id="sm-614">
         <name>__TI_int54</name>
         <value>0xfff4</value>
         <object_component_ref idref="oc-79"/>
      </symbol>
      <symbol id="sm-617">
         <name>__TI_int55</name>
         <value>0xfff6</value>
         <object_component_ref idref="oc-7a"/>
      </symbol>
      <symbol id="sm-61a">
         <name>__TI_int56</name>
         <value>0xfff8</value>
         <object_component_ref idref="oc-7b"/>
      </symbol>
      <symbol id="sm-61d">
         <name>__TI_int57</name>
         <value>0xfffa</value>
         <object_component_ref idref="oc-7c"/>
      </symbol>
      <symbol id="sm-620">
         <name>__TI_int58</name>
         <value>0xfffc</value>
         <object_component_ref idref="oc-7d"/>
      </symbol>
      <symbol id="sm-628">
         <name>__TI_ISR_TRAP</name>
         <value>0xe2ca</value>
         <object_component_ref idref="oc-296"/>
      </symbol>
      <symbol id="sm-631">
         <name>__mspabi_slli</name>
         <value>0xe2ae</value>
         <object_component_ref idref="oc-560"/>
      </symbol>
      <symbol id="sm-63a">
         <name>__mspabi_srli</name>
         <value>0xe2b8</value>
         <object_component_ref idref="oc-555"/>
      </symbol>
      <symbol id="sm-644">
         <name>__mspabi_mpyi_sw</name>
         <value>0xe21e</value>
         <object_component_ref idref="oc-4f5"/>
      </symbol>
      <symbol id="sm-645">
         <name>__mspabi_mpyi</name>
         <value>0xe21e</value>
         <object_component_ref idref="oc-4f5"/>
      </symbol>
      <symbol id="sm-64f">
         <name>__mspabi_mpyl_sw</name>
         <value>0xe076</value>
         <object_component_ref idref="oc-4f0"/>
      </symbol>
      <symbol id="sm-650">
         <name>__mspabi_mpyl</name>
         <value>0xe076</value>
         <object_component_ref idref="oc-4f0"/>
      </symbol>
      <symbol id="sm-660">
         <name>_stack</name>
         <value>0x2760</value>
         <object_component_ref idref="oc-27b"/>
      </symbol>
      <symbol id="sm-661">
         <name>_c_int00_noargs</name>
         <value>0xe0fc</value>
         <object_component_ref idref="oc-2ad"/>
      </symbol>
      <symbol id="sm-662">
         <name>_reset_vector</name>
         <value>0xfffe</value>
         <object_component_ref idref="oc-27e"/>
      </symbol>
      <symbol id="sm-684">
         <name>__TI_auto_init_nobinit_nopinit_hold_wdt</name>
         <value>0xdba0</value>
         <object_component_ref idref="oc-3ea"/>
      </symbol>
      <symbol id="sm-690">
         <name>_system_pre_init</name>
         <value>0xe2f6</value>
         <object_component_ref idref="oc-2e9"/>
      </symbol>
      <symbol id="sm-699">
         <name>_system_post_cinit</name>
         <value>0xe2fa</value>
         <object_component_ref idref="oc-522"/>
      </symbol>
      <symbol id="sm-6aa">
         <name>__TI_decompress_none</name>
         <value>0xdeaa</value>
         <object_component_ref idref="oc-6a"/>
      </symbol>
      <symbol id="sm-6cb">
         <name>__TI_decompress_lzss</name>
         <value>0xd0d0</value>
         <object_component_ref idref="oc-64"/>
      </symbol>
      <symbol id="sm-6d5">
         <name>C$$EXIT</name>
         <value>0xe2de</value>
         <object_component_ref idref="oc-3c6"/>
      </symbol>
      <symbol id="sm-6d6">
         <name>abort</name>
         <value>0xe2de</value>
         <object_component_ref idref="oc-3c6"/>
      </symbol>
      <symbol id="sm-6e6">
         <name>memcpy</name>
         <value>0xe256</value>
         <object_component_ref idref="oc-440"/>
      </symbol>
      <symbol id="sm-6f3">
         <name>strlen</name>
         <value>0xe268</value>
         <object_component_ref idref="oc-49d"/>
      </symbol>
      <symbol id="sm-73c">
         <name>__TI_printfi_minimal</name>
         <value>0xd1be</value>
         <object_component_ref idref="oc-4df"/>
      </symbol>
      <symbol id="sm-747">
         <name>__memcpy_far</name>
         <value>0xdd70</value>
         <object_component_ref idref="oc-28a"/>
      </symbol>
      <symbol id="sm-758">
         <name>memccpy</name>
         <value>0xe180</value>
         <object_component_ref idref="oc-61b"/>
      </symbol>
      <symbol id="sm-766">
         <name>memset</name>
         <value>0xe20a</value>
         <object_component_ref idref="oc-60e"/>
      </symbol>
      <symbol id="sm-76a">
         <name>clear</name>
         <value>0xde6c</value>
      </symbol>
   </symbol_table>
   <title>Link successful</title>
</link_info>
